1 0
2 200131
3 825345
4 716455
5 921765
6 1.57115e+06
7 945566
8 861628
9 1.59351e+06
10 796198
11 1.1398e+06
12 1.62368e+06
13 1.24342e+06
14 1.63484e+06
15 703463
16 1.1895e+06
17 1.25733e+06
18 742220
19 913547
20 2.32851e+06
21 982975
22 964753
23 650620
24 545766
25 498677
26 980041
27 1.14532e+06
28 405446
29 1.26085e+06
30 921620
31 1.44683e+06
32 789171
