1 0
2 9.26199e+06
3 1.53875e+07
4 8.8969e+06
5 1.28497e+07
6 1.41954e+07
7 9.61965e+06
8 1.27168e+07
9 5.67064e+06
10 4.27233e+06
11 2.27068e+07
12 1.78498e+07
13 1.21263e+07
14 2.98449e+06
15 8.32325e+06
16 7.82458e+06
17 7.08401e+06
18 1.22022e+07
19 1.31326e+06
20 6.82875e+06
21 9.84542e+06
22 1.90152e+07
23 1.75444e+07
24 1.25771e+07
25 1.05128e+07
26 1.03413e+07
27 8.43971e+06
28 2.85896e+06
29 5.65451e+06
30 1.00836e+07
31 1.0251e+07
32 3.72105e+06
