1 0
2 5.69299e+07
3 3.12702e+08
4 2.76001e+08
5 1.84763e+08
6 1.44567e+08
7 1.24325e+08
8 1.30336e+08
9 1.31542e+08
10 8.85536e+07
11 2.03481e+08
12 2.76156e+08
13 1.02142e+08
14 1.4517e+08
15 2.41463e+08
16 7.35668e+07
17 2.76798e+08
18 4.46154e+08
19 1.66656e+08
20 2.80147e+08
21 2.51931e+08
22 2.46211e+08
23 1.33477e+08
24 1.78812e+08
25 2.47918e+08
26 1.71715e+08
27 2.60743e+08
28 3.61127e+08
29 1.45754e+08
30 3.20447e+08
31 9.83346e+07
32 2.3643e+08
