1 0
2 196
3 231
4 272
5 462
6 405
7 193
8 134
9 188
10 242
11 200
12 159
13 191
14 262
15 115
16 24
17 240
18 41
19 209
20 223
21 285
22 193
23 195
24 224
25 124
26 220
27 91
28 217
29 170
30 81
31 318
32 199
