1 0
2 4349
3 4723
4 4403
5 5461
6 4243
7 4031
8 2815
9 4994
10 4192
11 5353
12 343
13 2626
14 6341
15 5608
16 5600
17 1651
18 5229
19 5887
20 4651
21 5604
22 1768
23 2559
24 4024
25 4521
26 5248
27 6256
28 3249
29 6180
30 2988
31 3247
32 5469
