1 0
2 8809
3 86570
4 50741
5 337
6 52068
7 16575
8 49457
9 74337
10 80691
11 30176
12 35959
13 75403
14 25505
15 68253
16 60928
17 4003
18 1888
19 16097
20 24529
21 58342
22 83160
23 51749
24 47828
25 71956
26 41533
27 76239
28 14515
29 16489
30 24786
31 74063
32 89016
