1 0
2 1.22856e+09
3 1.67658e+09
4 1.78168e+09
5 INF
6 2.10195e+09
7 INF
8 1.03471e+09
9 1.32766e+09
10 1.759e+09
11 2.04395e+09
12 INF
13 1.91943e+09
14 1.8595e+09
15 1.49699e+09
16 1.79747e+09
17 1.9991e+09
18 INF
19 1.77727e+09
20 1.63594e+09
21 INF
22 1.21213e+09
23 9.04515e+08
24 1.58412e+09
25 INF
26 1.37959e+09
27 INF
28 1.42791e+09
29 INF
30 1.3335e+09
31 INF
32 1.96826e+09
33 INF
34 1.93676e+09
35 1.50359e+09
36 INF
37 1.55589e+09
38 2.12167e+09
39 INF
40 INF
41 1.81798e+09
42 2.06414e+09
43 INF
44 1.19059e+09
45 INF
46 INF
47 INF
48 1.89659e+09
49 1.6791e+09
50 INF
51 1.65175e+09
52 INF
53 1.54675e+09
54 INF
55 INF
56 1.81782e+09
57 2.13019e+09
58 INF
59 1.20219e+09
60 1.55867e+09
61 1.75906e+09
62 1.46657e+09
63 1.81602e+09
64 INF
65 2.10029e+09
66 2.04193e+09
67 INF
68 1.85327e+09
69 INF
70 INF
71 1.91267e+09
72 INF
73 1.45952e+09
74 1.02692e+09
75 5.95802e+08
76 1.8959e+09
77 INF
78 2.07687e+09
79 INF
80 1.29635e+09
81 1.51116e+09
82 1.81831e+09
83 INF
84 1.76922e+09
85 INF
86 INF
87 INF
88 2.0474e+09
89 1.8072e+09
90 INF
91 1.69785e+09
92 1.63664e+09
93 1.8177e+09
94 1.77593e+09
95 1.35897e+09
96 INF
97 1.62406e+09
98 INF
99 1.19129e+09
100 2.08352e+09
101 2.09341e+09
102 INF
103 INF
104 1.85054e+09
105 2.03783e+09
106 1.87098e+09
107 1.89764e+09
108 INF
109 INF
110 1.89612e+09
111 INF
112 1.91824e+09
113 1.66667e+09
114 2.04518e+09
115 INF
116 1.71842e+09
117 2.10563e+09
118 2.14545e+09
119 1.48489e+09
120 2.07095e+09
121 1.44459e+09
122 1.95682e+09
123 INF
124 INF
125 INF
126 2.04101e+09
127 INF
128 1.35713e+09
129 2.08397e+09
130 1.89714e+09
131 1.93434e+09
132 2.14451e+09
133 INF
134 INF
135 1.36201e+09
136 INF
137 4.32972e+08
138 INF
139 INF
140 1.57848e+09
141 1.75481e+09
142 1.50241e+09
143 INF
144 1.81439e+09
145 2.14572e+09
146 INF
147 1.70294e+09
148 INF
149 1.97607e+09
150 INF
151 1.65931e+09
152 1.66974e+09
153 INF
154 INF
155 1.60647e+09
156 1.90041e+09
157 INF
158 9.5001e+08
159 1.83238e+09
160 INF
161 1.20925e+09
162 INF
163 1.61914e+09
164 1.46076e+09
165 INF
166 INF
167 2.04897e+09
168 INF
169 1.12299e+09
170 INF
171 INF
172 1.98678e+09
173 2.06581e+09
174 INF
175 INF
176 1.75375e+09
177 1.62825e+09
178 INF
179 1.84859e+09
180 2.08764e+09
181 INF
182 2.04449e+09
183 2.13074e+09
184 INF
185 INF
186 1.18332e+09
187 INF
188 1.81397e+09
189 INF
190 INF
191 INF
192 INF
193 1.73582e+09
194 1.56138e+09
195 9.25811e+08
196 1.34919e+09
197 INF
198 1.66452e+09
199 INF
200 INF
201 INF
202 INF
203 1.48671e+09
204 INF
205 1.77056e+09
206 INF
207 1.88534e+09
208 INF
209 INF
210 1.53922e+09
211 INF
212 INF
213 2.06807e+09
214 2.01363e+09
215 1.61797e+09
216 2.01125e+09
217 7.15354e+08
218 INF
219 1.87105e+09
220 1.34962e+09
221 1.92716e+09
222 INF
223 1.49034e+09
224 1.7455e+09
225 1.6295e+09
226 1.84641e+09
227 2.11314e+09
228 1.75285e+09
229 INF
230 1.88027e+09
231 2.07049e+09
232 INF
233 INF
234 INF
235 INF
236 1.60684e+09
237 INF
238 INF
239 INF
240 1.57825e+09
241 2.11041e+09
242 INF
243 1.98112e+09
244 INF
245 1.74492e+09
246 INF
247 INF
248 INF
249 1.81648e+09
250 INF
251 INF
252 1.35746e+09
253 1.09186e+09
254 1.61562e+09
255 1.50541e+09
256 2.02269e+09
257 INF
258 INF
259 2.0825e+09
260 INF
261 1.70025e+09
262 INF
263 INF
264 1.40649e+09
265 INF
266 INF
267 1.85395e+09
268 INF
269 2.04727e+09
270 1.96796e+09
271 INF
272 1.94307e+09
273 1.19644e+09
274 INF
275 INF
276 1.87768e+09
277 1.68442e+09
278 1.65846e+09
279 INF
280 1.41363e+09
281 1.68167e+09
282 2.04597e+09
283 1.40185e+09
284 1.53459e+09
285 1.73229e+09
286 1.86646e+09
287 1.94252e+09
288 1.86164e+09
289 1.59904e+09
290 INF
291 1.47021e+09
292 1.85813e+09
293 1.75112e+09
294 INF
295 INF
296 INF
297 1.86204e+09
298 1.55802e+09
299 1.57335e+09
300 1.24792e+09
301 INF
302 INF
303 INF
304 1.80451e+09
305 INF
306 1.68147e+09
307 1.23134e+09
308 9.70603e+08
309 INF
310 2.14458e+09
311 INF
312 1.87676e+09
313 1.87468e+09
314 INF
315 1.87101e+09
316 2.06497e+09
317 INF
318 INF
319 1.9188e+09
320 2.00355e+09
321 INF
322 2.10031e+09
323 2.0519e+09
324 INF
325 1.71971e+09
326 INF
327 INF
328 1.04455e+09
329 1.92884e+09
330 1.77003e+09
331 1.4895e+09
332 1.44266e+09
333 2.06771e+09
334 1.75961e+09
335 1.88303e+09
336 INF
337 INF
338 INF
339 1.87657e+09
340 1.80804e+09
341 2.12628e+09
342 2.08201e+09
343 8.20214e+08
344 INF
345 1.70269e+09
346 1.88504e+09
347 2.05583e+09
348 1.95455e+09
349 1.7162e+09
350 INF
351 INF
352 INF
353 2.07986e+09
354 1.67198e+09
355 INF
356 2.04366e+09
357 1.54174e+09
358 INF
359 1.93871e+09
360 INF
361 INF
362 1.60354e+09
363 INF
364 1.6395e+09
365 1.85632e+09
366 2.12357e+09
367 INF
368 1.53614e+09
369 2.08732e+09
370 2.07733e+09
371 INF
372 INF
373 INF
374 1.76478e+09
375 1.86253e+09
376 1.65639e+09
377 INF
378 INF
379 1.76401e+09
380 1.89962e+09
381 INF
382 1.67948e+09
383 1.81395e+09
384 INF
385 1.94045e+09
386 1.2799e+09
387 2.0195e+09
388 1.03619e+09
389 INF
390 1.64585e+09
391 1.25107e+09
392 1.98353e+09
393 INF
394 1.7166e+09
395 INF
396 INF
397 2.05059e+09
398 INF
399 1.97776e+09
400 INF
401 1.78152e+09
402 1.96022e+09
403 1.43512e+09
404 1.94349e+09
405 2.086e+09
406 1.29099e+09
407 INF
408 INF
409 INF
410 1.93672e+09
411 1.97214e+09
412 INF
413 1.19073e+09
414 INF
415 1.86548e+09
416 INF
417 1.95591e+09
418 INF
419 INF
420 1.59527e+09
421 INF
422 INF
423 2.13079e+09
424 1.92256e+09
425 1.937e+09
426 INF
427 1.60874e+09
428 2.13481e+09
429 INF
430 1.51638e+09
431 INF
432 1.47371e+09
433 INF
434 1.73656e+09
435 INF
436 INF
437 1.98305e+09
438 2.10676e+09
439 2.09981e+09
440 1.74946e+09
441 INF
442 INF
443 1.26442e+09
444 7.17961e+08
445 1.74264e+09
446 INF
447 INF
448 INF
449 2.12523e+09
450 1.68716e+09
451 INF
452 INF
453 INF
454 1.69871e+09
455 1.90425e+09
456 1.78242e+09
457 INF
458 1.70203e+09
459 1.57803e+09
460 2.09114e+09
461 INF
462 INF
463 INF
464 1.70591e+09
465 INF
466 INF
467 1.2784e+09
468 INF
469 1.72295e+09
470 INF
471 1.28476e+09
472 1.92712e+09
473 1.99077e+09
474 1.84384e+09
475 INF
476 INF
477 INF
478 INF
479 1.5956e+09
480 INF
481 9.88463e+08
482 1.56342e+09
483 1.96784e+09
484 INF
485 INF
486 1.16345e+09
487 INF
488 2.03193e+09
489 1.16006e+09
490 1.68939e+09
491 1.48841e+09
492 1.98737e+09
493 INF
494 1.89031e+09
495 INF
496 INF
497 INF
498 INF
499 INF
500 1.94819e+09
501 1.93515e+09
502 1.98622e+09
503 1.89126e+09
504 1.17883e+09
505 INF
506 1.99111e+09
507 1.83653e+09
508 INF
509 1.59148e+09
510 2.09303e+09
511 1.84392e+09
512 1.77615e+09
513 1.5492e+09
514 1.74595e+09
515 INF
516 INF
517 INF
518 1.92161e+09
519 1.90278e+09
520 2.08851e+09
521 INF
522 INF
523 2.01757e+09
524 1.82221e+09
525 1.66105e+09
526 1.74781e+09
527 INF
528 1.76057e+09
529 1.57457e+09
530 INF
531 2.0173e+09
532 1.63724e+09
533 1.80107e+09
534 INF
535 1.77943e+09
536 1.65326e+09
537 INF
538 1.98917e+09
539 1.88995e+09
540 1.69813e+09
541 1.21339e+09
542 1.79443e+09
543 1.59969e+09
544 INF
545 INF
546 INF
547 1.35736e+09
548 INF
549 1.75866e+09
550 INF
551 1.87809e+09
552 INF
553 1.66696e+09
554 INF
555 INF
556 INF
557 1.85445e+09
558 INF
559 1.84975e+09
560 2.12705e+09
561 1.79943e+09
562 INF
563 INF
564 INF
565 1.83592e+09
566 7.52712e+08
567 1.68976e+09
568 2.01202e+09
569 1.79969e+09
570 INF
571 1.90699e+09
572 2.13777e+09
573 INF
574 1.49339e+09
575 2.1466e+09
576 INF
577 INF
578 INF
579 1.83492e+09
580 INF
581 1.61601e+09
582 INF
583 1.8396e+09
584 1.80878e+09
585 INF
586 1.73576e+09
587 2.12652e+09
588 1.51028e+09
589 1.63176e+09
590 INF
591 1.77343e+09
592 1.43316e+09
593 INF
594 2.02992e+09
595 INF
596 1.97778e+09
597 2.08221e+09
598 1.63706e+09
599 INF
600 INF
601 INF
602 1.86923e+09
603 1.90904e+09
604 1.57888e+09
605 2.06174e+09
606 INF
607 INF
608 INF
609 INF
610 INF
611 2.01985e+09
612 1.7794e+09
613 1.76926e+09
614 INF
615 1.74488e+09
616 INF
617 1.63896e+09
618 2.05432e+09
619 1.36328e+09
620 9.29912e+08
621 INF
622 INF
623 INF
624 INF
625 INF
626 1.86915e+09
627 INF
628 1.96879e+09
629 1.29339e+09
630 2.12501e+09
631 1.64391e+09
632 1.82975e+09
633 1.83434e+09
634 1.68182e+09
635 INF
636 INF
637 INF
638 1.75611e+09
639 INF
640 1.20532e+09
641 INF
642 2.06019e+09
643 1.15081e+09
644 1.74624e+09
645 2.06708e+09
646 INF
647 INF
648 INF
649 1.13033e+09
650 1.70147e+09
651 INF
652 INF
653 1.32937e+09
654 1.65597e+09
655 INF
656 2.04461e+09
657 INF
658 1.56387e+09
659 1.47439e+09
660 INF
661 1.6593e+09
662 INF
663 INF
664 1.6914e+09
665 2.10084e+09
666 INF
667 INF
668 1.99776e+09
669 INF
670 INF
671 1.61451e+09
672 1.94039e+09
673 INF
674 INF
675 1.53833e+09
676 INF
677 INF
678 2.06377e+09
679 1.32484e+09
680 2.01912e+09
681 INF
682 1.58187e+09
683 INF
684 1.70729e+09
685 1.9425e+09
686 INF
687 INF
688 INF
689 INF
690 1.73824e+09
691 1.37551e+09
692 INF
693 1.74473e+09
694 INF
695 1.26104e+09
696 INF
697 INF
698 1.68915e+09
699 INF
700 2.0401e+09
701 2.02239e+09
702 INF
703 INF
704 1.83373e+09
705 INF
706 1.3602e+09
707 INF
708 1.96631e+09
709 INF
710 1.45689e+09
711 INF
712 1.67556e+09
713 1.95753e+09
714 1.92516e+09
715 1.85738e+09
716 1.61371e+09
717 1.92587e+09
718 1.89964e+09
719 1.12612e+09
720 1.35455e+09
721 2.05768e+09
722 INF
723 INF
724 1.90793e+09
725 INF
726 INF
727 2.09215e+09
728 INF
729 1.70445e+09
730 1.84227e+09
731 1.93728e+09
732 INF
733 INF
734 1.7442e+09
735 2.01321e+09
736 1.65468e+09
737 2.05004e+09
738 INF
739 INF
740 2.05777e+09
741 2.08478e+09
742 1.70391e+09
743 7.76572e+08
744 INF
745 INF
746 1.89979e+09
747 1.59213e+09
748 2.04202e+09
749 1.43304e+09
750 INF
751 1.91935e+09
752 2.04844e+09
753 1.79021e+09
754 2.12709e+09
755 1.64079e+09
756 INF
757 1.99059e+09
758 INF
759 1.28128e+09
760 1.79256e+09
761 INF
762 1.4422e+09
763 1.87473e+09
764 1.88207e+09
765 INF
766 INF
767 1.86484e+09
768 1.71317e+09
769 7.48108e+08
770 INF
771 1.91814e+09
772 INF
773 2.11656e+09
774 INF
775 1.72058e+09
776 1.70684e+09
777 1.77585e+09
778 INF
779 1.39376e+09
780 1.90778e+09
781 1.77657e+09
782 INF
783 1.42036e+09
784 INF
785 INF
786 2.05829e+09
787 1.89277e+09
788 1.40445e+09
789 1.9693e+09
790 1.87283e+09
791 INF
792 INF
793 INF
794 INF
795 1.59284e+09
796 INF
797 1.62372e+09
798 1.67487e+09
799 1.86978e+09
800 INF
801 2.05555e+09
802 2.11747e+09
803 2.01523e+09
804 2.11388e+09
805 1.3585e+09
806 INF
807 2.05599e+09
808 2.02169e+09
809 1.76657e+09
810 1.64483e+09
811 2.12268e+09
812 INF
813 INF
814 8.05199e+08
815 1.32713e+09
816 INF
817 INF
818 1.9596e+09
819 1.93036e+09
820 INF
821 1.43621e+09
822 INF
823 INF
824 1.8719e+09
825 1.26482e+09
826 2.11592e+09
827 INF
828 2.07004e+09
829 INF
830 INF
831 1.75371e+09
832 1.85678e+09
833 INF
834 INF
835 1.52034e+09
836 INF
837 1.77533e+09
838 INF
839 INF
840 1.01294e+09
841 1.83894e+09
842 1.43133e+09
843 1.77215e+09
844 1.6643e+09
845 1.92248e+09
846 INF
847 1.68645e+09
848 2.00008e+09
849 1.69697e+09
850 1.79817e+09
851 1.73538e+09
852 1.75719e+09
853 INF
854 INF
855 INF
856 1.73661e+09
857 1.26876e+09
858 INF
859 INF
860 1.81754e+09
861 1.81347e+09
862 1.73399e+09
863 INF
864 2.0112e+09
865 1.19706e+09
866 2.07277e+09
867 1.73368e+09
868 INF
869 1.48197e+09
870 1.40784e+09
871 1.78071e+09
872 INF
873 INF
874 1.37089e+09
875 2.05619e+09
876 INF
877 1.87277e+09
878 1.99657e+09
879 INF
880 2.13342e+09
881 1.92698e+09
882 INF
883 1.9042e+09
884 INF
885 1.58987e+09
886 INF
887 INF
888 1.11658e+09
889 INF
890 2.11586e+09
891 1.66359e+09
892 INF
893 2.1444e+09
894 1.48054e+09
895 INF
896 INF
897 INF
898 INF
899 1.64394e+09
900 1.7891e+09
901 1.83554e+09
902 INF
903 INF
904 2.10646e+09
905 INF
906 2.04303e+09
907 INF
908 1.86602e+09
909 1.79346e+09
910 INF
911 INF
912 INF
913 1.01418e+09
914 1.94945e+09
915 2.02404e+09
916 INF
917 2.02719e+09
918 2.13461e+09
919 1.38883e+09
920 INF
921 INF
922 1.68541e+09
923 INF
924 1.7769e+09
925 INF
926 INF
927 INF
928 INF
929 INF
930 2.00157e+09
931 INF
932 2.13226e+09
933 1.87931e+09
934 1.85994e+09
935 1.80276e+09
936 1.701e+09
937 1.73666e+09
938 1.83913e+09
939 INF
940 1.61295e+09
941 INF
942 INF
943 7.01549e+08
944 1.61943e+09
945 1.54627e+09
946 1.40922e+09
947 INF
948 1.29513e+09
949 1.95556e+09
950 1.99058e+09
951 INF
952 1.81342e+09
953 INF
954 1.56701e+09
955 2.12129e+09
956 INF
957 1.57981e+09
958 INF
959 1.873e+09
960 2.10695e+09
961 INF
962 INF
963 1.7061e+09
964 2.04198e+09
965 2.05936e+09
966 INF
967 INF
968 1.65847e+09
969 INF
970 2.13252e+09
971 2.07384e+09
972 INF
973 INF
974 2.02129e+09
975 1.82807e+09
976 1.01876e+09
977 2.12026e+09
978 1.98997e+09
979 INF
980 1.68652e+09
981 1.92287e+09
982 INF
983 INF
984 1.92053e+09
985 INF
986 INF
987 1.63345e+09
988 INF
989 INF
990 INF
991 1.01814e+09
992 2.1446e+09
993 INF
994 INF
995 1.7714e+09
996 INF
997 1.29696e+09
998 1.29104e+09
999 INF
1000 INF
1001 1.4357e+09
1002 INF
1003 INF
1004 1.24404e+09
1005 1.98842e+09
1006 INF
1007 INF
1008 2.04377e+09
1009 2.07012e+09
1010 INF
1011 2.0104e+09
1012 INF
1013 INF
1014 1.792e+09
1015 INF
1016 INF
1017 1.53473e+09
1018 INF
1019 INF
1020 INF
1021 2.08512e+09
1022 1.99043e+09
1023 1.67508e+09
1024 INF
