1 0
2 INF
3 INF
4 INF
5 2.13734e+09
6 INF
7 INF
8 INF
9 INF
10 INF
11 INF
12 INF
13 1.96405e+09
14 INF
15 INF
16 INF
17 INF
18 INF
19 INF
20 1.61771e+09
21 INF
22 INF
23 INF
24 INF
25 INF
26 INF
27 INF
28 INF
29 INF
30 INF
31 INF
32 2.02639e+09
33 INF
34 INF
35 INF
36 INF
37 INF
38 INF
39 INF
40 INF
41 INF
42 INF
43 INF
44 INF
45 INF
46 1.46971e+09
47 INF
48 INF
49 INF
50 INF
51 INF
52 1.19016e+09
53 1.78156e+09
54 2.09058e+09
55 INF
56 INF
57 INF
58 INF
59 INF
60 INF
61 INF
62 INF
63 INF
64 INF
65 INF
66 INF
67 INF
68 INF
69 INF
70 INF
71 INF
72 INF
73 INF
74 1.98115e+09
75 INF
76 INF
77 INF
78 INF
79 1.97847e+09
80 INF
81 INF
82 INF
83 INF
84 INF
85 INF
86 INF
87 2.03015e+09
88 INF
89 INF
90 1.96985e+09
91 2.04251e+09
92 INF
93 INF
94 INF
95 INF
96 INF
97 INF
98 INF
99 INF
100 2.00567e+09
101 INF
102 INF
103 INF
104 INF
105 INF
106 1.9992e+09
107 1.9214e+09
108 INF
109 1.73338e+09
110 INF
111 INF
112 INF
113 INF
114 2.0674e+09
115 INF
116 INF
117 INF
118 INF
119 INF
120 INF
121 INF
122 INF
123 INF
124 INF
125 INF
126 INF
127 INF
128 INF
129 INF
130 INF
131 INF
132 2.0555e+09
133 INF
134 INF
135 1.78691e+09
136 INF
137 INF
138 INF
139 INF
140 INF
141 1.80465e+09
142 INF
143 INF
144 INF
145 9.19599e+08
146 INF
147 INF
148 INF
149 INF
150 INF
151 INF
152 INF
153 9.32326e+08
154 INF
155 INF
156 1.86953e+09
157 INF
158 INF
159 INF
160 2.14183e+09
161 2.06017e+09
162 INF
163 INF
164 INF
165 1.93629e+09
166 INF
167 2.05392e+09
168 2.06472e+09
169 INF
170 INF
171 INF
172 INF
173 5.55026e+08
174 INF
175 1.48209e+09
176 INF
177 1.044e+09
178 1.62828e+09
179 INF
180 2.05716e+09
181 INF
182 1.68456e+09
183 INF
184 INF
185 INF
186 INF
187 2.12802e+09
188 INF
189 1.84631e+09
190 INF
191 9.78878e+08
192 INF
193 INF
194 INF
195 2.12252e+09
196 INF
197 INF
198 INF
199 INF
200 INF
201 INF
202 INF
203 2.11595e+09
204 INF
205 INF
206 INF
207 INF
208 INF
209 INF
210 INF
211 INF
212 INF
213 INF
214 INF
215 INF
216 INF
217 2.04055e+09
218 INF
219 INF
220 INF
221 2.04689e+09
222 INF
223 INF
224 INF
225 2.06308e+09
226 INF
227 INF
228 INF
229 INF
230 1.10091e+09
231 INF
232 INF
233 INF
234 INF
235 1.95827e+09
236 INF
237 INF
238 INF
239 INF
240 INF
241 INF
242 INF
243 INF
244 INF
245 INF
246 INF
247 INF
248 2.01987e+09
249 INF
250 INF
251 INF
252 INF
253 1.72356e+09
254 INF
255 INF
256 1.75658e+09
257 INF
258 INF
259 INF
260 INF
261 INF
262 1.28854e+09
263 INF
264 INF
265 INF
266 INF
267 INF
268 INF
269 INF
270 INF
271 INF
272 1.67383e+09
273 INF
274 INF
275 INF
276 INF
277 INF
278 2.10883e+09
279 INF
280 INF
281 INF
282 INF
283 INF
284 1.62117e+09
285 INF
286 INF
287 INF
288 2.11226e+09
289 INF
290 1.68191e+09
291 INF
292 1.9253e+09
293 INF
294 INF
295 2.11997e+09
296 INF
297 1.91612e+09
298 INF
299 INF
300 INF
301 INF
302 1.98173e+09
303 INF
304 INF
305 1.94602e+09
306 INF
307 INF
308 INF
309 INF
310 1.07023e+09
311 1.85164e+09
312 INF
313 INF
314 2.07962e+09
315 INF
316 INF
317 INF
318 INF
319 INF
320 INF
321 INF
322 2.04832e+09
323 INF
324 INF
325 INF
326 INF
327 INF
328 2.11884e+09
329 INF
330 INF
331 INF
332 1.89417e+09
333 INF
334 1.62087e+09
335 2.11099e+09
336 INF
337 INF
338 2.14021e+09
339 1.77929e+09
340 INF
341 INF
342 INF
343 INF
344 INF
345 1.68687e+09
346 2.10183e+09
347 INF
348 INF
349 INF
350 1.88158e+09
351 INF
352 INF
353 INF
354 INF
355 INF
356 INF
357 INF
358 INF
359 INF
360 INF
361 INF
362 INF
363 1.71081e+09
364 1.47279e+09
365 INF
366 INF
367 1.09213e+09
368 2.12344e+09
369 1.97561e+09
370 INF
371 INF
372 INF
373 2.13491e+09
374 2.09074e+09
375 INF
376 1.71962e+09
377 INF
378 2.0142e+09
379 2.14501e+09
380 INF
381 INF
382 INF
383 INF
384 INF
385 INF
386 INF
387 INF
388 INF
389 INF
390 INF
391 INF
392 INF
393 INF
394 2.13609e+09
395 INF
396 INF
397 INF
398 INF
399 2.03947e+09
400 INF
401 1.95904e+09
402 INF
403 1.71334e+09
404 INF
405 INF
406 2.12541e+09
407 INF
408 INF
409 2.12268e+09
410 INF
411 1.61388e+09
412 INF
413 INF
414 INF
415 2.0097e+09
416 1.99172e+09
417 INF
418 INF
419 INF
420 INF
421 INF
422 INF
423 INF
424 INF
425 INF
426 INF
427 INF
428 1.80844e+09
429 INF
430 1.92422e+09
431 INF
432 INF
433 INF
434 INF
435 INF
436 INF
437 INF
438 2.09923e+09
439 INF
440 INF
441 2.01151e+09
442 INF
443 1.64908e+09
444 INF
445 INF
446 INF
447 1.26687e+09
448 INF
449 INF
450 INF
451 INF
452 INF
453 INF
454 INF
455 INF
456 1.83469e+09
457 INF
458 INF
459 INF
460 INF
461 INF
462 INF
463 INF
464 INF
465 INF
466 2.12845e+09
467 INF
468 INF
469 1.99161e+09
470 INF
471 INF
472 INF
473 INF
474 INF
475 INF
476 INF
477 1.53515e+09
478 INF
479 INF
480 INF
481 INF
482 INF
483 INF
484 INF
485 INF
486 9.0671e+08
487 INF
488 1.88468e+09
489 INF
490 INF
491 INF
492 INF
493 2.11543e+09
494 INF
495 INF
496 INF
497 INF
498 1.77081e+09
499 INF
500 1.98318e+09
501 INF
502 INF
503 INF
504 INF
505 INF
506 INF
507 INF
508 1.80296e+09
509 INF
510 INF
511 INF
512 INF
513 INF
514 INF
515 INF
516 INF
517 2.07811e+09
518 INF
519 INF
520 INF
521 INF
522 INF
523 INF
524 1.95805e+09
525 INF
526 INF
527 INF
528 INF
529 INF
530 INF
531 INF
532 INF
533 INF
534 INF
535 INF
536 INF
537 INF
538 INF
539 INF
540 INF
541 INF
542 1.88393e+09
543 2.13932e+09
544 1.9387e+09
545 INF
546 INF
547 INF
548 INF
549 INF
550 INF
551 1.41903e+09
552 INF
553 INF
554 1.5095e+09
555 INF
556 INF
557 INF
558 INF
559 1.95476e+09
560 INF
561 INF
562 INF
563 INF
564 2.0382e+09
565 INF
566 INF
567 1.97046e+09
568 1.62594e+09
569 INF
570 INF
571 INF
572 1.77372e+09
573 INF
574 INF
575 INF
576 INF
577 2.02523e+09
578 INF
579 1.98509e+09
580 2.02092e+09
581 INF
582 INF
583 INF
584 1.79441e+09
585 1.94288e+09
586 INF
587 INF
588 INF
589 2.07467e+09
590 INF
591 INF
592 INF
593 INF
594 INF
595 INF
596 1.7556e+09
597 INF
598 INF
599 INF
600 1.91696e+09
601 INF
602 1.91314e+09
603 INF
604 INF
605 INF
606 INF
607 INF
608 INF
609 1.88586e+09
610 INF
611 INF
612 INF
613 1.88661e+09
614 INF
615 INF
616 INF
617 INF
618 INF
619 INF
620 INF
621 INF
622 INF
623 INF
624 INF
625 INF
626 INF
627 INF
628 1.78884e+09
629 INF
630 INF
631 INF
632 INF
633 INF
634 INF
635 INF
636 INF
637 1.84928e+09
638 INF
639 1.07131e+09
640 1.32655e+09
641 INF
642 INF
643 INF
644 2.01516e+09
645 INF
646 2.12727e+09
647 INF
648 INF
649 INF
650 INF
651 1.80597e+09
652 INF
653 INF
654 INF
655 1.5802e+09
656 INF
657 INF
658 INF
659 INF
660 2.10349e+09
661 INF
662 INF
663 1.98771e+09
664 INF
665 1.81446e+09
666 INF
667 2.0858e+09
668 2.04001e+09
669 INF
670 INF
671 1.73411e+09
672 INF
673 INF
674 INF
675 INF
676 INF
677 INF
678 INF
679 INF
680 2.02718e+09
681 INF
682 6.0217e+08
683 INF
684 INF
685 INF
686 INF
687 1.95093e+09
688 INF
689 1.61769e+09
690 INF
691 INF
692 INF
693 INF
694 INF
695 1.50051e+09
696 1.91001e+09
697 INF
698 INF
699 INF
700 INF
701 INF
702 INF
703 INF
704 INF
705 INF
706 2.04597e+09
707 INF
708 2.06234e+09
709 INF
710 INF
711 INF
712 INF
713 INF
714 1.82657e+09
715 INF
716 INF
717 INF
718 INF
719 2.14601e+09
720 INF
721 INF
722 INF
723 2.02512e+09
724 INF
725 INF
726 INF
727 1.95962e+09
728 1.19435e+09
729 INF
730 INF
731 INF
732 INF
733 1.82963e+09
734 INF
735 2.04319e+09
736 1.25622e+09
737 INF
738 2.00483e+09
739 INF
740 INF
741 INF
742 2.1033e+09
743 INF
744 INF
745 INF
746 INF
747 INF
748 1.57629e+09
749 INF
750 1.63338e+09
751 INF
752 INF
753 INF
754 INF
755 1.75565e+09
756 INF
757 INF
758 INF
759 INF
760 INF
761 1.98498e+09
762 INF
763 INF
764 INF
765 1.9563e+09
766 INF
767 INF
768 INF
769 1.84884e+09
770 INF
771 INF
772 INF
773 INF
774 INF
775 INF
776 1.99418e+09
777 INF
778 2.0313e+09
779 INF
780 2.13873e+09
781 1.4571e+09
782 INF
783 INF
784 INF
785 1.85219e+09
786 INF
787 INF
788 INF
789 INF
790 INF
791 INF
792 INF
793 1.69771e+09
794 INF
795 1.9563e+09
796 INF
797 INF
798 1.96905e+09
799 INF
800 INF
801 1.87771e+09
802 INF
803 INF
804 1.75661e+09
805 2.01202e+09
806 INF
807 1.97865e+09
808 INF
809 INF
810 INF
811 INF
812 INF
813 INF
814 INF
815 INF
816 INF
817 INF
818 INF
819 INF
820 INF
821 INF
822 INF
823 INF
824 INF
825 1.96775e+09
826 INF
827 INF
828 2.04535e+09
829 INF
830 INF
831 INF
832 INF
833 INF
834 INF
835 INF
836 INF
837 INF
838 INF
839 INF
840 INF
841 2.02444e+09
842 INF
843 INF
844 INF
845 INF
846 INF
847 INF
848 INF
849 INF
850 INF
851 INF
852 INF
853 1.64634e+09
854 1.30301e+09
855 INF
856 1.31347e+09
857 INF
858 INF
859 INF
860 INF
861 INF
862 INF
863 INF
864 INF
865 INF
866 1.75945e+09
867 INF
868 INF
869 INF
870 1.99046e+09
871 INF
872 INF
873 INF
874 INF
875 INF
876 1.86594e+09
877 INF
878 INF
879 1.70033e+09
880 INF
881 INF
882 1.58009e+09
883 INF
884 INF
885 INF
886 INF
887 INF
888 INF
889 1.73996e+09
890 INF
891 INF
892 INF
893 INF
894 INF
895 INF
896 INF
897 INF
898 INF
899 INF
900 INF
901 INF
902 INF
903 INF
904 INF
905 1.86903e+09
906 INF
907 INF
908 1.85243e+09
909 2.09242e+09
910 INF
911 INF
912 INF
913 INF
914 INF
915 2.12213e+09
916 INF
917 INF
918 INF
919 INF
920 INF
921 2.13342e+09
922 INF
923 INF
924 INF
925 INF
926 INF
927 INF
928 INF
929 2.09086e+09
930 INF
931 INF
932 INF
933 1.86468e+09
934 INF
935 INF
936 INF
937 1.78928e+09
938 INF
939 INF
940 INF
941 1.94738e+09
942 INF
943 INF
944 2.0352e+09
945 INF
946 INF
947 INF
948 INF
949 7.68807e+08
950 INF
951 2.14151e+09
952 INF
953 INF
954 INF
955 INF
956 INF
957 INF
958 INF
959 INF
960 INF
961 1.61379e+09
962 INF
963 INF
964 INF
965 1.70481e+09
966 INF
967 1.77379e+09
968 INF
969 2.07515e+09
970 1.9917e+09
971 INF
972 INF
973 INF
974 INF
975 1.91915e+09
976 INF
977 INF
978 INF
979 1.74798e+09
980 INF
981 1.97577e+09
982 INF
983 1.78944e+09
984 1.83942e+09
985 INF
986 INF
987 INF
988 INF
989 1.92824e+09
990 INF
991 1.6725e+09
992 INF
993 INF
994 INF
995 INF
996 INF
997 INF
998 INF
999 INF
1000 1.36555e+09
1001 INF
1002 INF
1003 INF
1004 INF
1005 2.0398e+09
1006 INF
1007 1.75825e+09
1008 1.54135e+09
1009 INF
1010 2.03378e+09
1011 INF
1012 INF
1013 INF
1014 INF
1015 2.05756e+09
1016 2.04538e+09
1017 INF
1018 2.05751e+09
1019 1.82983e+09
1020 INF
1021 INF
1022 INF
1023 INF
1024 INF
