1 0
2 1.96185e+09
3 1.34849e+09
4 INF
5 1.98883e+09
6 1.88834e+09
7 INF
8 1.68454e+09
9 INF
10 INF
11 INF
12 2.03261e+09
13 2.03768e+09
14 1.98189e+09
15 2.07192e+09
16 INF
17 1.53915e+09
18 INF
19 INF
20 1.88696e+09
21 INF
22 INF
23 5.21924e+08
24 2.05902e+09
25 1.23745e+09
26 1.87295e+09
27 INF
28 1.94495e+09
29 1.80388e+09
30 INF
31 INF
32 2.03117e+09
33 1.84196e+09
34 1.52977e+09
35 1.99235e+09
36 INF
37 INF
38 2.07309e+09
39 INF
40 1.97539e+09
41 1.81178e+09
42 1.92623e+09
43 INF
44 INF
45 INF
46 1.98268e+09
47 INF
48 INF
49 2.01781e+09
50 1.14715e+09
51 1.75331e+09
52 INF
53 INF
54 INF
55 1.86647e+09
56 INF
57 INF
58 1.77179e+09
59 INF
60 2.01581e+09
61 INF
62 1.20882e+09
63 INF
64 2.00118e+09
65 2.04477e+09
66 1.71109e+09
67 INF
68 1.24346e+09
69 INF
70 INF
71 INF
72 INF
73 1.82699e+09
74 INF
75 2.04474e+09
76 INF
77 INF
78 INF
79 1.9605e+09
80 1.65239e+09
81 INF
82 2.09057e+09
83 1.97563e+09
84 1.724e+09
85 9.42998e+08
86 1.60641e+09
87 INF
88 INF
89 INF
90 1.98419e+09
91 2.05078e+09
92 1.93253e+09
93 INF
94 1.78364e+09
95 INF
96 1.7741e+09
97 2.02186e+09
98 INF
99 8.04648e+08
100 INF
101 1.82181e+09
102 INF
103 INF
104 2.11606e+09
105 1.73701e+09
106 INF
107 INF
108 2.01801e+09
109 1.34291e+09
110 INF
111 INF
112 INF
113 1.59302e+09
114 1.72873e+09
115 INF
116 2.1188e+09
117 1.94419e+09
118 2.05594e+09
119 1.49656e+09
120 INF
121 INF
122 INF
123 INF
124 INF
125 INF
126 1.72086e+09
127 1.30408e+09
128 1.91727e+09
129 2.07325e+09
130 INF
131 1.71476e+09
132 2.01874e+09
133 1.85545e+09
134 1.77729e+09
135 INF
136 1.99005e+09
137 1.933e+09
138 9.73424e+08
139 INF
140 1.49169e+09
141 INF
142 2.09433e+09
143 INF
144 1.93474e+09
145 INF
146 INF
147 1.96619e+09
148 1.64956e+09
149 1.89936e+09
150 1.38501e+09
151 2.06993e+09
152 1.97702e+09
153 INF
154 1.92738e+09
155 INF
156 2.06379e+09
157 1.47975e+09
158 INF
159 INF
160 1.83299e+09
161 INF
162 1.71021e+09
163 INF
164 1.28149e+09
165 INF
166 INF
167 INF
168 INF
169 2.08767e+09
170 INF
171 INF
172 INF
173 INF
174 1.35155e+09
175 INF
176 INF
177 1.21936e+09
178 1.78689e+09
179 INF
180 INF
181 INF
182 2.11486e+09
183 INF
184 1.64885e+09
185 1.75761e+09
186 2.04436e+09
187 INF
188 1.87311e+09
189 INF
190 7.82138e+08
191 INF
192 INF
193 INF
194 1.51401e+09
195 1.96669e+09
196 1.37529e+09
197 INF
198 INF
199 2.10915e+09
200 1.99716e+09
201 1.70456e+09
202 INF
203 1.58365e+09
204 1.8264e+09
205 INF
206 2.02867e+09
207 1.28935e+09
208 1.65349e+09
209 1.79216e+09
210 INF
211 INF
212 1.61764e+09
213 1.80313e+09
214 2.05611e+09
215 1.8655e+09
216 1.59158e+09
217 1.74676e+09
218 INF
219 INF
220 INF
221 INF
222 INF
223 1.87078e+09
224 INF
225 INF
226 1.47834e+09
227 1.21862e+09
228 INF
229 INF
230 INF
231 INF
232 2.10692e+09
233 INF
234 1.79347e+09
235 1.83332e+09
236 1.53104e+09
237 1.82862e+09
238 1.92933e+09
239 2.08942e+09
240 1.91025e+09
241 INF
242 1.96124e+09
243 INF
244 INF
245 INF
246 1.85871e+09
247 INF
248 INF
249 2.09992e+09
250 2.03619e+09
251 2.07753e+09
252 1.52313e+09
253 1.16223e+09
254 1.69293e+09
255 INF
256 2.05789e+09
257 1.723e+09
258 INF
259 1.87838e+09
260 INF
261 INF
262 1.98271e+09
263 1.85426e+09
264 1.74741e+09
265 1.90966e+09
266 INF
267 INF
268 1.74098e+09
269 INF
270 INF
271 INF
272 INF
273 1.59059e+09
274 1.83399e+09
275 1.95113e+09
276 INF
277 INF
278 INF
279 9.03455e+08
280 INF
281 1.8644e+09
282 INF
283 2.08817e+09
284 1.97756e+09
285 INF
286 1.90669e+09
287 INF
288 1.32435e+09
289 1.8927e+09
290 INF
291 1.63927e+09
292 INF
293 2.13618e+09
294 2.08692e+09
295 INF
296 INF
297 INF
298 INF
299 1.68506e+09
300 INF
301 INF
302 2.13768e+09
303 1.61795e+09
304 2.14069e+09
305 2.06041e+09
306 1.24544e+09
307 1.82233e+09
308 INF
309 INF
310 1.82479e+09
311 1.59142e+09
312 INF
313 INF
314 INF
315 INF
316 2.1126e+09
317 1.68639e+09
318 1.92196e+09
319 2.09074e+09
320 5.02019e+08
321 INF
322 1.13462e+09
323 INF
324 1.98225e+09
325 1.99909e+09
326 INF
327 INF
328 1.56242e+09
329 2.13038e+09
330 INF
331 INF
332 INF
333 INF
334 INF
335 2.0149e+09
336 INF
337 2.08097e+09
338 INF
339 INF
340 INF
341 INF
342 INF
343 INF
344 INF
345 1.9792e+09
346 INF
347 1.98241e+09
348 INF
349 INF
350 INF
351 2.11955e+09
352 2.10163e+09
353 INF
354 1.9473e+09
355 INF
356 1.68122e+09
357 INF
358 1.79431e+09
359 1.39953e+09
360 1.74193e+09
361 1.83641e+09
362 1.02181e+09
363 INF
364 INF
365 INF
366 1.87705e+09
367 1.89578e+09
368 2.12906e+09
369 2.08412e+09
370 1.2811e+09
371 INF
372 INF
373 INF
374 INF
375 INF
376 INF
377 2.04569e+09
378 INF
379 1.41939e+09
380 2.04918e+09
381 INF
382 1.5971e+09
383 INF
384 INF
385 1.8775e+09
386 INF
387 1.56598e+09
388 1.45228e+09
389 1.85593e+09
390 1.51981e+09
391 INF
392 1.66296e+09
393 INF
394 INF
395 2.08506e+09
396 2.04161e+09
397 INF
398 INF
399 1.84033e+09
400 1.80633e+09
401 INF
402 INF
403 INF
404 2.14575e+09
405 INF
406 INF
407 INF
408 INF
409 1.46844e+09
410 2.14102e+09
411 1.96131e+09
412 INF
413 INF
414 1.74795e+09
415 1.92944e+09
416 1.83762e+09
417 9.68049e+08
418 INF
419 1.3188e+09
420 2.14122e+09
421 2.10787e+09
422 1.25018e+09
423 INF
424 INF
425 INF
426 INF
427 INF
428 2.05325e+09
429 1.30926e+09
430 2.05527e+09
431 1.99609e+09
432 INF
433 2.04939e+09
434 INF
435 1.99144e+09
436 1.96026e+09
437 1.29922e+09
438 2.11462e+09
439 INF
440 2.14529e+09
441 1.22403e+09
442 INF
443 1.97172e+09
444 1.8262e+09
445 INF
446 2.05146e+09
447 INF
448 2.11411e+09
449 2.0804e+09
450 1.67917e+09
451 1.65045e+09
452 1.66726e+09
453 INF
454 2.05947e+09
455 1.77018e+09
456 INF
457 INF
458 1.78183e+09
459 1.74408e+09
460 INF
461 1.94719e+09
462 INF
463 1.50664e+09
464 INF
465 2.05914e+09
466 INF
467 1.50118e+09
468 INF
469 1.08849e+09
470 INF
471 1.31623e+09
472 INF
473 1.86524e+09
474 INF
475 1.58139e+09
476 1.54363e+09
477 2.05681e+09
478 INF
479 INF
480 INF
481 INF
482 INF
483 INF
484 1.95776e+09
485 1.57937e+09
486 1.76957e+09
487 INF
488 1.85299e+09
489 INF
490 INF
491 1.67348e+09
492 INF
493 1.97074e+09
494 INF
495 1.99246e+09
496 1.65804e+09
497 1.95233e+09
498 INF
499 2.1465e+09
500 1.60107e+09
501 INF
502 2.13309e+09
503 1.77059e+09
504 1.38238e+09
505 INF
506 INF
507 INF
508 1.97441e+09
509 2.13177e+09
510 INF
511 INF
512 INF
513 2.092e+09
514 1.92241e+09
515 1.92462e+09
516 INF
517 INF
518 INF
519 INF
520 1.87489e+09
521 INF
522 1.66461e+09
523 INF
524 INF
525 INF
526 1.78667e+09
527 1.72298e+09
528 INF
529 2.13825e+09
530 2.0282e+09
531 INF
532 INF
533 1.32014e+09
534 INF
535 INF
536 INF
537 1.96094e+09
538 1.81826e+09
539 INF
540 INF
541 1.67711e+09
542 2.07895e+09
543 INF
544 INF
545 2.1221e+09
546 1.88558e+09
547 1.36219e+09
548 INF
549 1.87341e+09
550 INF
551 INF
552 1.59904e+09
553 INF
554 INF
555 1.73602e+09
556 2.07505e+09
557 INF
558 INF
559 INF
560 1.36252e+09
561 1.28564e+09
562 INF
563 INF
564 INF
565 INF
566 INF
567 1.56365e+09
568 2.00665e+09
569 8.08166e+08
570 INF
571 INF
572 INF
573 1.96599e+09
574 INF
575 1.68139e+09
576 INF
577 1.92078e+09
578 INF
579 2.09269e+09
580 INF
581 1.79214e+09
582 2.13264e+09
583 1.72666e+09
584 INF
585 INF
586 1.93762e+09
587 INF
588 1.72664e+09
589 1.65569e+09
590 INF
591 1.91108e+09
592 1.8375e+09
593 1.34719e+09
594 1.41347e+09
595 1.95633e+09
596 1.87739e+09
597 1.61872e+09
598 INF
599 1.72946e+09
600 INF
601 INF
602 INF
603 1.83574e+09
604 INF
605 2.11773e+09
606 INF
607 1.83727e+09
608 1.94803e+09
609 1.77168e+09
610 1.93163e+09
611 INF
612 1.28099e+09
613 1.83681e+09
614 1.90752e+09
615 1.6962e+09
616 INF
617 1.81207e+09
618 2.12428e+09
619 INF
620 1.46551e+09
621 1.84335e+09
622 2.00421e+09
623 1.78797e+09
624 INF
625 INF
626 1.7475e+09
627 2.03117e+09
628 2.10461e+09
629 1.53829e+09
630 2.1308e+09
631 INF
632 1.8119e+09
633 1.79822e+09
634 INF
635 INF
636 1.75238e+09
637 INF
638 INF
639 1.83983e+09
640 INF
641 1.9292e+09
642 INF
643 INF
644 INF
645 INF
646 INF
647 2.07141e+09
648 INF
649 INF
650 INF
651 1.98547e+09
652 INF
653 2.02657e+09
654 1.92201e+09
655 INF
656 1.71646e+09
657 1.88157e+09
658 2.00485e+09
659 1.90085e+09
660 1.71544e+09
661 2.05325e+09
662 INF
663 1.94254e+09
664 INF
665 INF
666 1.69412e+09
667 1.70981e+09
668 1.53237e+09
669 INF
670 INF
671 INF
672 INF
673 INF
674 1.64388e+09
675 1.04254e+09
676 1.99338e+09
677 2.12556e+09
678 INF
679 INF
680 2.13101e+09
681 1.99137e+09
682 2.09832e+09
683 1.83442e+09
684 INF
685 1.13522e+09
686 1.59854e+08
687 INF
688 INF
689 2.07504e+09
690 INF
691 INF
692 INF
693 INF
694 1.97479e+09
695 INF
696 1.16304e+09
697 INF
698 1.96334e+09
699 INF
700 INF
701 1.54946e+09
702 INF
703 1.86884e+09
704 INF
705 INF
706 INF
707 2.0307e+09
708 1.70226e+09
709 2.08601e+09
710 INF
711 1.61681e+09
712 1.99737e+09
713 INF
714 1.85382e+09
715 1.85124e+09
716 9.73794e+08
717 1.74489e+09
718 1.33863e+09
719 INF
720 1.80633e+09
721 1.76993e+09
722 1.79314e+09
723 1.36931e+09
724 1.47709e+09
725 1.4584e+09
726 INF
727 1.98599e+09
728 INF
729 1.70712e+09
730 1.82435e+09
731 INF
732 9.43454e+08
733 INF
734 2.14062e+09
735 1.77856e+09
736 1.3261e+09
737 2.07484e+09
738 INF
739 INF
740 INF
741 INF
742 1.72586e+09
743 INF
744 1.20684e+09
745 1.33184e+09
746 INF
747 INF
748 1.98973e+09
749 2.06046e+09
750 INF
751 INF
752 INF
753 1.96676e+09
754 INF
755 1.67126e+09
756 1.78332e+09
757 INF
758 1.48746e+09
759 INF
760 1.71392e+09
761 INF
762 INF
763 INF
764 1.78325e+09
765 INF
766 INF
767 1.6268e+09
768 1.81067e+09
769 1.59191e+09
770 1.51672e+09
771 INF
772 INF
773 1.63029e+09
774 INF
775 INF
776 2.01355e+09
777 2.05013e+09
778 INF
779 1.57638e+09
780 INF
781 INF
782 1.83993e+09
783 2.06071e+09
784 1.85375e+09
785 INF
786 2.05479e+09
787 2.03756e+09
788 INF
789 1.42899e+09
790 2.05772e+09
791 2.08947e+09
792 2.07612e+09
793 INF
794 1.62531e+09
795 1.63758e+09
796 INF
797 1.78749e+09
798 1.78091e+09
799 INF
800 1.31777e+09
801 INF
802 INF
803 INF
804 1.90302e+09
805 2.01549e+09
806 1.79999e+09
807 1.52617e+09
808 1.98443e+09
809 INF
810 INF
811 1.92996e+09
812 INF
813 INF
814 2.12569e+09
815 1.347e+09
816 1.94858e+09
817 2.13274e+09
818 INF
819 INF
820 1.85143e+09
821 2.00116e+09
822 1.99981e+09
823 INF
824 2.03802e+09
825 2.07642e+09
826 1.97731e+09
827 INF
828 INF
829 INF
830 1.52094e+09
831 2.09753e+09
832 1.79549e+09
833 INF
834 INF
835 INF
836 1.95291e+09
837 2.10324e+09
838 INF
839 1.76769e+09
840 1.50422e+09
841 INF
842 INF
843 INF
844 1.91235e+09
845 INF
846 1.66298e+09
847 INF
848 1.41424e+09
849 1.8424e+09
850 1.76541e+09
851 INF
852 1.76653e+09
853 1.98836e+09
854 INF
855 INF
856 1.64167e+09
857 INF
858 INF
859 1.83088e+09
860 INF
861 INF
862 1.92275e+09
863 2.06927e+09
864 1.52868e+09
865 INF
866 1.25886e+09
867 INF
868 INF
869 INF
870 1.80536e+09
871 2.01686e+09
872 2.00109e+09
873 INF
874 1.57998e+09
875 2.1004e+09
876 INF
877 2.02709e+09
878 INF
879 1.92292e+09
880 1.4178e+09
881 INF
882 INF
883 INF
884 INF
885 INF
886 INF
887 1.93354e+09
888 INF
889 1.98156e+09
890 INF
891 1.65916e+09
892 INF
893 1.78601e+09
894 INF
895 1.62517e+09
896 INF
897 1.56104e+09
898 1.74962e+09
899 9.76064e+08
900 INF
901 INF
902 INF
903 8.06447e+08
904 1.8357e+09
905 INF
906 1.39228e+09
907 8.85508e+08
908 INF
909 INF
910 INF
911 INF
912 1.66143e+09
913 INF
914 INF
915 INF
916 INF
917 INF
918 1.71974e+09
919 INF
920 1.31781e+09
921 INF
922 1.82852e+09
923 1.93406e+09
924 INF
925 INF
926 2.10919e+09
927 INF
928 1.75373e+09
929 1.36167e+09
930 1.38696e+09
931 1.35212e+09
932 INF
933 INF
934 1.88918e+09
935 1.95799e+09
936 1.90047e+09
937 1.84396e+09
938 INF
939 INF
940 INF
941 2.07929e+09
942 1.919e+09
943 INF
944 INF
945 INF
946 INF
947 2.08656e+09
948 INF
949 INF
950 2.14432e+09
951 INF
952 1.91297e+09
953 1.51414e+09
954 INF
955 1.77011e+09
956 INF
957 2.10938e+09
958 INF
959 1.46859e+09
960 INF
961 1.96571e+09
962 1.76551e+09
963 INF
964 2.05468e+09
965 INF
966 INF
967 1.99898e+09
968 INF
969 INF
970 1.89094e+09
971 INF
972 7.53412e+08
973 1.8941e+09
974 INF
975 INF
976 1.47442e+09
977 INF
978 INF
979 INF
980 INF
981 2.10186e+09
982 2.04598e+09
983 INF
984 2.09981e+09
985 INF
986 INF
987 INF
988 INF
989 1.81126e+09
990 1.93995e+09
991 INF
992 INF
993 INF
994 1.97486e+09
995 INF
996 2.10563e+09
997 2.00099e+09
998 1.6608e+09
999 2.04087e+09
1000 INF
1001 1.85519e+09
1002 INF
1003 INF
1004 2.04979e+09
1005 2.07277e+09
1006 1.78706e+09
1007 INF
1008 1.92691e+09
1009 1.78851e+09
1010 1.30967e+09
1011 1.43247e+09
1012 1.79228e+09
1013 1.95747e+09
1014 INF
1015 1.40495e+09
1016 INF
1017 1.79817e+09
1018 2.10286e+09
1019 1.67625e+09
1020 1.81699e+09
1021 1.6913e+09
1022 INF
1023 1.96277e+09
1024 INF
