1 0
2 768156536
3 901259988
4 INF
5 INF
6 INF
7 INF
8 INF
9 INF
10 INF
11 INF
12 INF
13 INF
14 687990457
15 INF
16 INF
17 852443342
18 INF
19 INF
20 INF
21 INF
22 INF
23 399447372
24 INF
25 INF
26 INF
27 939899374
28 INF
29 INF
30 INF
31 INF
32 INF
33 INF
34 INF
35 INF
36 INF
37 INF
38 INF
39 INF
40 INF
41 INF
42 INF
43 INF
44 INF
45 993711181
46 INF
47 595182962
48 773638815
49 INF
50 INF
51 INF
52 INF
53 INF
54 687547677
55 INF
56 INF
57 INF
58 INF
59 INF
60 INF
61 INF
62 INF
63 INF
64 INF
65 INF
66 INF
67 INF
68 INF
69 INF
70 INF
71 INF
72 INF
73 INF
74 INF
75 INF
76 INF
77 INF
78 INF
79 INF
80 INF
81 INF
82 INF
83 INF
84 INF
85 828909615
86 INF
87 INF
88 INF
89 INF
90 INF
91 INF
92 INF
93 INF
94 INF
95 INF
96 970633928
97 INF
98 INF
99 INF
100 842205341
101 INF
102 INF
103 INF
104 INF
105 INF
106 INF
107 INF
108 INF
109 INF
110 INF
111 INF
112 INF
113 INF
114 INF
115 847090765
116 INF
117 INF
118 INF
119 863284153
120 INF
121 INF
122 INF
123 869682578
124 INF
125 INF
126 INF
127 INF
128 INF
129 INF
130 INF
131 INF
132 INF
133 INF
134 INF
135 INF
136 INF
137 INF
138 652313243
139 INF
140 INF
141 INF
142 INF
143 INF
144 INF
145 INF
146 INF
147 INF
148 INF
149 INF
150 INF
151 INF
152 INF
153 INF
154 INF
155 INF
156 INF
157 INF
158 INF
159 INF
160 INF
161 549109681
162 INF
163 INF
164 INF
165 INF
166 INF
167 INF
168 INF
169 INF
170 INF
171 INF
172 INF
173 INF
174 INF
175 INF
176 INF
177 471524212
178 INF
179 INF
180 INF
181 INF
182 INF
183 INF
184 INF
185 INF
186 INF
187 INF
188 INF
189 955692363
190 INF
191 INF
192 INF
193 INF
194 INF
195 INF
196 INF
197 INF
198 INF
199 INF
200 INF
201 INF
202 437118506
203 INF
204 INF
205 INF
206 INF
207 INF
208 INF
209 INF
210 INF
211 INF
212 INF
213 INF
214 INF
215 INF
216 INF
217 INF
218 INF
219 INF
220 INF
221 INF
222 INF
223 INF
224 INF
225 INF
226 648008678
227 INF
228 INF
229 INF
230 INF
231 INF
232 741130013
233 INF
234 INF
235 INF
236 INF
237 INF
238 INF
239 INF
240 INF
241 INF
242 INF
243 INF
244 INF
245 INF
246 INF
247 INF
248 INF
249 INF
250 936769918
251 INF
252 INF
253 INF
254 INF
255 INF
256 INF
257 INF
258 INF
259 INF
260 INF
261 INF
262 INF
263 INF
264 INF
265 INF
266 INF
267 INF
268 223810156
269 INF
270 808657069
271 INF
272 INF
273 617826657
274 741794992
275 INF
276 INF
277 315143789
278 INF
279 INF
280 INF
281 INF
282 INF
283 INF
284 INF
285 INF
286 INF
287 INF
288 INF
289 INF
290 INF
291 INF
292 INF
293 INF
294 INF
295 INF
296 INF
297 919313811
298 INF
299 INF
300 INF
301 INF
302 INF
303 INF
304 INF
305 INF
306 INF
307 INF
308 998294916
309 INF
310 INF
311 INF
312 INF
313 INF
314 INF
315 INF
316 INF
317 INF
318 INF
319 INF
320 INF
321 INF
322 INF
323 INF
324 INF
325 INF
326 INF
327 INF
328 INF
329 INF
330 823110498
331 INF
332 966505775
333 INF
334 INF
335 INF
336 INF
337 984287847
338 INF
339 INF
340 INF
341 INF
342 INF
343 INF
344 INF
345 INF
346 INF
347 INF
348 754241048
349 INF
350 INF
351 INF
352 INF
353 INF
354 INF
355 INF
356 INF
357 INF
358 INF
359 INF
360 INF
361 785709822
362 390452256
363 639424169
364 INF
365 INF
366 INF
367 INF
368 INF
369 INF
370 INF
371 INF
372 INF
373 INF
374 INF
375 INF
376 INF
377 INF
378 INF
379 INF
380 INF
381 INF
382 INF
383 INF
384 INF
385 INF
386 INF
387 INF
388 654599270
389 INF
390 INF
391 INF
392 INF
393 INF
394 INF
395 INF
396 INF
397 INF
398 INF
399 INF
400 909430622
401 INF
402 INF
403 INF
404 INF
405 INF
406 INF
407 INF
408 INF
409 INF
410 INF
411 INF
412 357039071
413 INF
414 INF
415 INF
416 INF
417 996092516
418 925922616
419 INF
420 INF
421 INF
422 INF
423 INF
424 INF
425 INF
426 INF
427 INF
428 INF
429 INF
430 INF
431 INF
432 INF
433 INF
434 INF
435 INF
436 INF
437 INF
438 INF
439 999214491
440 INF
441 INF
442 INF
443 INF
444 INF
445 INF
446 INF
447 INF
448 926715605
449 INF
450 INF
451 INF
452 INF
453 INF
454 INF
455 INF
456 INF
457 INF
458 INF
459 734133749
460 INF
461 INF
462 INF
463 INF
464 INF
465 INF
466 INF
467 INF
468 INF
469 INF
470 927229129
471 INF
472 INF
473 INF
474 INF
475 INF
476 INF
477 INF
478 INF
479 INF
480 INF
481 796731037
482 982403464
483 INF
484 INF
485 INF
486 737786201
487 INF
488 INF
489 INF
490 INF
491 INF
492 INF
493 INF
494 INF
495 INF
496 INF
497 INF
498 INF
499 INF
500 INF
501 INF
502 INF
503 INF
504 INF
505 INF
506 INF
507 970240728
508 INF
509 INF
510 INF
511 INF
512 INF
513 INF
514 INF
515 INF
516 INF
517 INF
518 INF
519 INF
520 694443754
521 INF
522 INF
523 INF
524 945516058
525 INF
526 INF
527 INF
528 INF
529 INF
530 INF
531 INF
532 INF
533 INF
534 INF
535 INF
536 INF
537 INF
538 INF
539 652392615
540 INF
541 INF
542 INF
543 INF
544 INF
545 INF
546 INF
547 INF
548 INF
549 INF
550 INF
551 914090499
552 INF
553 INF
554 INF
555 INF
556 INF
557 INF
558 885951431
559 INF
560 INF
561 INF
562 INF
563 INF
564 INF
565 INF
566 INF
567 INF
568 INF
569 INF
570 INF
571 INF
572 INF
573 INF
574 INF
575 INF
576 INF
577 INF
578 INF
579 INF
580 INF
581 INF
582 INF
583 INF
584 INF
585 INF
586 INF
587 INF
588 INF
589 INF
590 INF
591 INF
592 INF
593 INF
594 INF
595 INF
596 INF
597 INF
598 INF
599 INF
600 INF
601 INF
602 INF
603 INF
604 INF
605 INF
606 INF
607 INF
608 INF
609 INF
610 INF
611 INF
612 INF
613 INF
614 INF
615 INF
616 846438972
617 INF
618 INF
619 INF
620 INF
621 INF
622 INF
623 INF
624 INF
625 INF
626 INF
627 INF
628 INF
629 INF
630 INF
631 INF
632 300208142
633 INF
634 INF
635 INF
636 INF
637 INF
638 INF
639 INF
640 INF
641 INF
642 INF
643 INF
644 477616319
645 INF
646 INF
647 INF
648 INF
649 197451061
650 INF
651 INF
652 INF
653 INF
654 INF
655 INF
656 INF
657 INF
658 INF
659 INF
660 INF
661 INF
662 INF
663 492505689
664 INF
665 801375102
666 INF
667 INF
668 INF
669 INF
670 926408666
671 INF
672 INF
673 INF
674 INF
675 457051053
676 INF
677 INF
678 INF
679 INF
680 INF
681 INF
682 INF
683 INF
684 INF
685 INF
686 INF
687 INF
688 INF
689 INF
690 INF
691 INF
692 INF
693 INF
694 INF
695 INF
696 INF
697 874776964
698 INF
699 INF
700 INF
701 INF
702 INF
703 INF
704 INF
705 INF
706 886270098
707 INF
708 INF
709 INF
710 INF
711 INF
712 INF
713 INF
714 INF
715 770870893
716 INF
717 INF
718 INF
719 INF
720 INF
721 INF
722 478102755
723 INF
724 INF
725 INF
726 INF
727 INF
728 INF
729 INF
730 INF
731 INF
732 580254236
733 INF
734 INF
735 INF
736 845632760
737 INF
738 INF
739 INF
740 49992238
741 INF
742 INF
743 INF
744 INF
745 INF
746 INF
747 INF
748 INF
749 883548688
750 INF
751 INF
752 INF
753 544689846
754 INF
755 INF
756 INF
757 INF
758 INF
759 INF
760 INF
761 INF
762 INF
763 INF
764 INF
765 INF
766 INF
767 901727267
768 INF
769 INF
770 INF
771 INF
772 INF
773 INF
774 INF
775 INF
776 INF
777 INF
778 INF
779 INF
780 INF
781 INF
782 422933908
783 INF
784 955002920
785 INF
786 INF
787 INF
788 INF
789 INF
790 INF
791 INF
792 INF
793 INF
794 INF
795 599401892
796 INF
797 INF
798 INF
799 828883344
800 INF
801 INF
802 INF
803 917602922
804 INF
805 INF
806 INF
807 INF
808 INF
809 279549505
810 INF
811 INF
812 INF
813 INF
814 INF
815 INF
816 INF
817 646909307
818 INF
819 INF
820 INF
821 INF
822 INF
823 INF
824 INF
825 INF
826 INF
827 INF
828 INF
829 INF
830 INF
831 INF
832 INF
833 INF
834 INF
835 828272112
836 INF
837 INF
838 INF
839 INF
840 INF
841 INF
842 INF
843 INF
844 INF
845 INF
846 INF
847 INF
848 INF
849 INF
850 INF
851 INF
852 INF
853 INF
854 INF
855 INF
856 INF
857 INF
858 INF
859 INF
860 INF
861 INF
862 INF
863 INF
864 INF
865 INF
866 INF
867 INF
868 INF
869 INF
870 INF
871 INF
872 INF
873 INF
874 INF
875 INF
876 INF
877 INF
878 INF
879 INF
880 800363116
881 347914788
882 INF
883 INF
884 INF
885 675744296
886 INF
887 INF
888 INF
889 INF
890 INF
891 INF
892 INF
893 INF
894 INF
895 INF
896 INF
897 INF
898 INF
899 INF
900 INF
901 INF
902 INF
903 INF
904 INF
905 INF
906 INF
907 INF
908 INF
909 INF
910 INF
911 839708199
912 INF
913 INF
914 INF
915 INF
916 INF
917 INF
918 INF
919 INF
920 INF
921 INF
922 INF
923 INF
924 INF
925 INF
926 INF
927 INF
928 INF
929 INF
930 INF
931 INF
932 INF
933 INF
934 INF
935 INF
936 INF
937 INF
938 INF
939 753182026
940 INF
941 INF
942 INF
943 894603213
944 INF
945 INF
946 INF
947 INF
948 INF
949 INF
950 INF
951 INF
952 INF
953 INF
954 INF
955 INF
956 INF
957 951600536
958 INF
959 INF
960 INF
961 INF
962 INF
963 INF
964 INF
965 INF
966 INF
967 INF
968 INF
969 INF
970 INF
971 INF
972 INF
973 INF
974 INF
975 INF
976 571366081
977 INF
978 INF
979 INF
980 INF
981 INF
982 810694598
983 INF
984 INF
985 INF
986 INF
987 INF
988 INF
989 INF
990 INF
991 INF
992 INF
993 INF
994 INF
995 INF
996 876570324
997 INF
998 INF
999 INF
1000 INF
1001 INF
1002 INF
1003 INF
1004 INF
1005 INF
1006 INF
1007 INF
1008 INF
1009 INF
1010 INF
1011 INF
1012 INF
1013 INF
1014 INF
1015 INF
1016 INF
1017 INF
1018 INF
1019 INF
1020 INF
1021 INF
1022 INF
1023 INF
1024 INF
