1 0
2 1.35129e+06
3 6.26525e+06
4 3.01576e+06
5 3.16495e+06
6 2.23796e+06
7 4.44842e+06
8 2.59636e+06
9 2.46788e+06
10 3.26492e+06
11 3.64364e+06
12 3.17324e+06
13 5.42589e+06
14 4.96495e+06
15 109117
16 1.22046e+06
17 4.8593e+06
18 3.88541e+06
19 3.09625e+06
20 2.3551e+06
21 3.78273e+06
22 1.64388e+06
23 1.85098e+06
24 2.92471e+06
25 215467
26 4.2407e+06
27 2.74927e+06
28 4.46198e+06
29 4.61327e+06
30 2.44814e+06
31 1.38629e+06
32 925976
