1 0
2 9.26199e+06
3 1.3882e+07
4 8.8969e+06
5 7.41819e+06
6 5.95911e+06
7 9.17467e+06
8 1.27168e+07
9 5.67064e+06
10 4.27233e+06
11 2.12112e+07
12 1.73299e+07
13 1.21263e+07
14 2.98449e+06
15 8.32325e+06
16 7.37959e+06
17 7.08401e+06
18 1.22022e+07
19 1.31326e+06
20 6.82875e+06
21 9.40044e+06
22 3.85203e+06
23 1.21129e+07
24 1.21321e+07
25 1.00678e+07
26 1.03413e+07
27 8.43971e+06
28 2.85896e+06
29 5.65451e+06
30 1.00836e+07
31 1.0251e+07
32 3.72105e+06
