1 0
2 6.94977e+07
3 1.08674e+08
4 4.45254e+07
5 4.43488e+07
6 4.65703e+07
7 7.38592e+07
8 4.20486e+07
9 6.6493e+07
10 5.06121e+07
11 4.69184e+07
12 6.63673e+07
13 3.30803e+07
14 7.57741e+07
15 4.47228e+07
16 5.42195e+07
17 4.22377e+07
18 4.82623e+07
19 1.57415e+07
20 1.00323e+08
21 6.32471e+07
22 8.03409e+07
23 1.33404e+07
24 6.39239e+07
25 1.01553e+08
26 4.85194e+07
27 1.78268e+07
28 2.2926e+07
29 5.29329e+07
30 6.28887e+07
31 3.09594e+07
32 8.57844e+07
