1 0
2 15
3 9
4 3
5 20
6 10
7 13
8 13
9 3
10 10
11 16
12 9
13 17
14 17
15 13
16 8
17 5
18 19
19 10
20 17
21 16
22 10
23 11
24 10
25 10
26 13
27 19
28 5
29 32
30 10
31 18
32 21
