1 0
2 98
3 116
4 64
5 82
6 82
7 42
8 108
9 123
10 135
11 60
12 68
13 69
14 157
15 101
16 76
17 141
18 38
19 91
20 105
21 104
22 109
23 101
24 78
25 121
26 113
27 84
28 81
29 117
30 139
31 90
32 101
