1 0
2 1158
3 411
4 40
5 739
6 595
7 786
8 360
9 700
10 488
11 652
12 968
13 498
14 105
15 958
16 629
17 797
18 1906
19 590
20 651
21 629
22 992
23 572
24 547
25 1045
26 762
27 1018
28 901
29 153
30 562
31 1333
32 476
