1 0
2 18765
3 23613
4 10603
5 20871
6 25094
7 21702
8 21805
9 24343
10 11489
11 19296
12 25116
13 11536
14 18105
15 23490
16 15527
17 23494
18 21991
19 16368
20 21122
21 22720
22 11710
23 20815
24 19610
25 10126
26 14896
27 21104
28 20693
29 20140
30 21527
31 12416
32 22716
