1 0
2 193691
3 242747
4 43820
5 251038
6 388640
7 90145
8 147969
9 31669
10 58487
11 162411
12 266690
13 190755
14 215367
15 1882
16 60471
17 58480
18 65112
19 292413
20 156059
21 520018
22 496510
23 82176
24 219436
25 496686
26 65408
27 38282
28 166963
29 156975
30 114360
31 26089
32 310944
